#-----------------------------------------------------------
# Vivado v2016.1 (64-bit)
# SW Build 1538259 on Fri Apr  8 15:45:23 MDT 2016
# IP Build 1537824 on Fri Apr  8 04:28:57 MDT 2016
# Start of session at: Mon Feb 26 14:57:47 2018
# Process ID: 15936
# Current directory: /home/lullrich/Dokumente/Studium/4_Semester/Chip_Design/Project/VGA_Controller/generate/spaceinvader/managed_ip_project/managed_ip_project.runs/spaceinvader_synth_1
# Command line: vivado -log spaceinvader.vds -mode batch -messageDb vivado.pb -notrace -source spaceinvader.tcl
# Log file: /home/lullrich/Dokumente/Studium/4_Semester/Chip_Design/Project/VGA_Controller/generate/spaceinvader/managed_ip_project/managed_ip_project.runs/spaceinvader_synth_1/spaceinvader.vds
# Journal file: /home/lullrich/Dokumente/Studium/4_Semester/Chip_Design/Project/VGA_Controller/generate/spaceinvader/managed_ip_project/managed_ip_project.runs/spaceinvader_synth_1/vivado.jou
#-----------------------------------------------------------
source spaceinvader.tcl -notrace
